// Jest Snapshot v1, https://goo.gl/fbAQLP

exports[`Menu Menu renders application details 1`] = `
<div
  className="menu"
>
  <div
    className="brand"
  >
    <img
      alt="test app"
      className="brand-icon"
      src="test.jpg"
    />
    <div
      className="brand-title"
    >
      <span
        className="white"
      >
        test app
      </span>
         
      This is a test app
    </div>
  </div>
  <ul>
    <li>
      <a
        href="#"
        onClick={[Function]}
      >
        <span
          className="glyphicon glyphicon-home"
        />
      </a>
    </li>
    <li>
      <a
        href="#"
        onClick={[Function]}
      >
        <span
          className="glyphicon glyphicon-th-large"
        />
      </a>
    </li>
  </ul>
  <a
    className="sign-out"
    onClick={[Function]}
    role="button"
    tabIndex={0}
  >
    <span
      className="glyphicon glyphicon-log-out"
    />
  </a>
</div>
`;
