// Jest Snapshot v1, https://goo.gl/fbAQLP

exports[`Sectors Sectors renders sectors.json clusters 1`] = `
<div
  className="sectors-menu-wrapper"
  id="sector-menu-1-wrapper"
>
  <a
    className="open-btn"
    href="#"
    onClick={[Function]}
  >
    <span
      className="glyphicon glyphicon-list"
    />
  </a>
  <div
    className="sectors-menu"
  >
    <a
      className="close-btn"
      href="#"
      onClick={[Function]}
    >
      <span
        className="glyphicon glyphicon-remove"
      />
    </a>
    <ul
      className="sectors"
    >
      <li
        className="sector"
      >
        <a
          href="#"
          onClick={[Function]}
        >
          Sample Sector
          <span
            className="caret"
          />
        </a>
        <ul
          className="filters"
          style={
            Object {
              "display": "none",
            }
          }
        >
          <li
            className="filter"
          >
            <input
              checked={false}
              id="test_views"
              name="switch-view"
              onClick={[Function]}
              type="radio"
              value="test_views"
            />
            <label
              htmlFor="test_views"
            >
              test_views
            </label>
          </li>
        </ul>
      </li>
    </ul>
  </div>
</div>
`;
