// Jest Snapshot v1, https://goo.gl/fbAQLP

exports[`Layers Layers renders indicators 1`] = `
<ul
  className="layers"
  style={
    Object {
      "display": "none",
    }
  }
>
  <li
    className="layer map-1"
  >
    <label
      className="label"
      htmlFor="test_layer"
    >
      <input
        data-layer="test_layer"
        id="test_layer"
        name="sector"
        onClick={[Function]}
        type="checkbox"
        value="test_layer"
      />
      Test Layer
    </label>
  </li>
</ul>
`;
