// Jest Snapshot v1, https://goo.gl/fbAQLP

exports[`Framework Framework renders each Framework view 1`] = `
<div
  className="framework-wrapper"
>
  <div
    className="key"
  />
  <div
    className="key-popup"
  />
  <div
    className="framework-sectors"
  />
  <div
    className="footer"
  >
    <div
      className="powered-by"
    />
  </div>
</div>
`;
