// Jest Snapshot v1, https://goo.gl/fbAQLP

exports[`Framework Framework renders each Framework view 1`] = `
<div
  className="framework-wrapper"
>
  <div
    className="key"
  />
  <div
    className="key-popup"
  />
  <div
    className="framework-sectors"
  >
    <div
      className="partners-container"
    >
      <ul
        className="partners"
      >
        <li>
          <span
            className="thumb"
          >
            <img
              alt="DRC"
              src="/assets/img/DRCLogo.png"
            />
          </span>
        </li>
        <li>
          <span
            className="thumb"
          >
            <img
              alt="Save Children"
              src="/assets/img/save_children_logo.png"
            />
          </span>
        </li>
        <li>
          <span
            className="thumb"
          >
            <img
              alt="World Vision"
              src="/assets/img/worldVision.png"
            />
          </span>
        </li>
        <li>
          <span
            className="thumb"
          >
            <img
              alt="Concern Logo"
              src="/assets/img/concern_logo.jpg"
            />
          </span>
        </li>
        <li>
          <span
            className="thumb"
          >
            <img
              alt="IRC"
              src="/assets/img/IRCLogo.png"
            />
          </span>
        </li>
        <li>
          <span
            className="thumb"
          >
            <img
              alt="ACTED"
              src="/assets/img/ACTEDLogo.png"
            />
          </span>
        </li>
        <li>
          <span
            className="thumb"
          >
            <img
              alt="CARE"
              src="/assets/img/CARELogo.png"
            />
          </span>
        </li>
        <li>
          <span
            className="thumb"
          >
            <img
              alt="Oxfam"
              src="/assets/img/OxfamLogo.png"
            />
          </span>
        </li>
        <li>
          <span
            className="thumb"
          >
            <img
              alt="Mercy Corps"
              src="/assets/img/mercyCorpsLogo.png"
            />
          </span>
        </li>
        <li>
          <span
            className="thumb"
          >
            <img
              alt="RCK"
              src="/assets/img/rck_new_logo_0.png"
            />
          </span>
        </li>
        <li>
          <span
            className="thumb"
          >
            <img
              alt="NRC"
              src="/assets/img/NRCLogo.png"
            />
          </span>
        </li>
        <li>
          <span
            className="thumb"
          >
            <img
              alt="InterSOS"
              src="/assets/img/interSOSLogo_0.png"
            />
          </span>
        </li>
      </ul>
    </div>
  </div>
  <div
    className="footer"
  >
    <div
      className="powered-by"
    />
  </div>
</div>
`;
