// Jest Snapshot v1, https://goo.gl/fbAQLP

exports[`Layer Layer renders each layer indicator 1`] = `
<li
  className="layer map-1"
>
  <label
    className="label"
    htmlFor="test_layer"
  >
    <input
      data-layer="test_layer"
      id="test_layer"
      name=""
      onClick={[Function]}
      type="checkbox"
      value="test_layer"
    />
    Test Layer
  </label>
</li>
`;
